TAP version 13
# Subtest: actual type utilities preparation retains three source bodies and explicit real dependencies
ok 1 - actual type utilities preparation retains three source bodies and explicit real dependencies
  ---
  duration_ms: 113.998568
  type: 'test'
  ...
# Subtest: tampered original source fails before any preparation publication
ok 2 - tampered original source fails before any preparation publication
  ---
  duration_ms: 195.265407
  type: 'test'
  ...
# Subtest: all three actual algorithm ports and shared assertion are sealed
ok 3 - all three actual algorithm ports and shared assertion are sealed
  ---
  duration_ms: 617.048411
  type: 'test'
  ...
# Subtest: missing file and symlink inputs are rejected
ok 4 - missing file and symlink inputs are rejected
  ---
  duration_ms: 297.839325
  type: 'test'
  ...
# Subtest: wrong, duplicate, traversal and incomplete source indices fail
ok 5 - wrong, duplicate, traversal and incomplete source indices fail
  ---
  duration_ms: 598.596751
  type: 'test'
  ...
# Subtest: nullable API decisions, source identity, previous source unit and readiness cannot be relabeled
ok 6 - nullable API decisions, source identity, previous source unit and readiness cannot be relabeled
  ---
  duration_ms: 887.611918
  type: 'test'
  ...
# Subtest: existing preparation and receipt bytes are retained after rejected repeat
ok 7 - existing preparation and receipt bytes are retained after rejected repeat
  ---
  duration_ms: 121.170463
  type: 'test'
  ...
# Subtest: two real preparations reproduce source and host identities
ok 8 - two real preparations reproduce source and host identities
  ---
  duration_ms: 282.459407
  type: 'test'
  ...
# Subtest: actual substitution SCC dependency cannot be omitted
ok 9 - actual substitution SCC dependency cannot be omitted
  ---
  duration_ms: 0.57481
  type: 'test'
  ...
1..9
# tests 9
# suites 0
# pass 9
# fail 0
# cancelled 0
# skipped 0
# todo 0
# duration_ms 3270.994488
