TAP version 13
# Subtest: actual source body has exactly two mechanical host bindings and false readiness
ok 1 - actual source body has exactly two mechanical host bindings and false readiness
  ---
  duration_ms: 28.206379
  type: 'test'
  ...
# Subtest: tampered original fails before output publication
ok 2 - tampered original fails before output publication
  ---
  duration_ms: 43.261819
  type: 'test'
  ...
# Subtest: both prepared source and empty iterator host bytes are sealed
ok 3 - both prepared source and empty iterator host bytes are sealed
  ---
  duration_ms: 57.84922
  type: 'test'
  ...
# Subtest: missing and symlink source inputs are rejected
ok 4 - missing and symlink source inputs are rejected
  ---
  duration_ms: 75.0402
  type: 'test'
  ...
# Subtest: source, replacement, helper, profile and readiness records cannot be relabeled
ok 5 - source, replacement, helper, profile and readiness records cannot be relabeled
  ---
  duration_ms: 343.510977
  type: 'test'
  ...
# Subtest: wrong, duplicate and incomplete prepared indices fail
ok 6 - wrong, duplicate and incomplete prepared indices fail
  ---
  duration_ms: 152.720858
  type: 'test'
  ...
# Subtest: existing prepared sources and evidence remain unchanged after rejected repeat
ok 7 - existing prepared sources and evidence remain unchanged after rejected repeat
  ---
  duration_ms: 62.244729
  type: 'test'
  ...
# Subtest: source/output overlap and output symlink paths are rejected
ok 8 - source/output overlap and output symlink paths are rejected
  ---
  duration_ms: 43.437219
  type: 'test'
  ...
# Subtest: two real preparations reproduce original and portable identities
ok 9 - two real preparations reproduce original and portable identities
  ---
  duration_ms: 69.457729
  type: 'test'
  ...
1..9
# tests 9
# suites 0
# pass 9
# fail 0
# cancelled 0
# skipped 0
# todo 0
# duration_ms 1021.84143
